#!/bin/bash

echo "===== SYSTEM MONITORING DASHBOARD ====="

#Chcking CPU Usage

cpu_usage=$(top -bn1 | grep "Cpu(s)" | awk '{print 100-$8}')
echo "CPU Usage: $cpu_usage%"

#Checking Memory Usage
memory_usage=$(free | awk '/Mem/ {printf("%.2f",$3/$2*100)}')
echo "Memormy Usage:$memory_usage"

#Checking Disk Usage
disk_usage=$(df / | awk 'END {print $5}' | sed 's/%//')
Error: something failed
Login failed from 192.168.1.1
Error: disk issue
Login success from 192.168.1.2
Failed login from 10.0.0.1
